<testsuites id="" name="" tests="1" failures="1" skipped="0" errors="0" time="5.957484999999999">
<testsuite name="uiComponents.spec.ts" timestamp="2024-08-03T08:56:22.901Z" hostname="chromium" tests="1" failures="1" skipped="0" time="2.705" errors="0">
<testcase name="Form Layouts page @blocktag › radio buttons" classname="uiComponents.spec.ts" time="2.705">
<failure message="uiComponents.spec.ts:36:10 radio buttons" type="FAILURE">
<![CDATA[  [chromium] › uiComponents.spec.ts:36:10 › Form Layouts page @blocktag › radio buttons ────────────

    Error: Screenshot comparison failed:

      Expected an image 459px by 383px, received 461px by 383px. 490 pixels (ratio 0.01 of all image pixels) are different.

    Expected: C:\Users\geiro\gitwork\kurs\udemy\playwright\pw-practice-app\tests\uiComponents.spec.ts-snapshots\Form-Layouts-page-blocktag-radio-buttons-1-chromium-win32.png
    Received: C:\Users\geiro\gitwork\kurs\udemy\playwright\pw-practice-app\test-results\uiComponents-Form-Layouts-page-blocktag-radio-buttons-chromium\Form-Layouts-page-blocktag-radio-buttons-1-actual.png
        Diff: C:\Users\geiro\gitwork\kurs\udemy\playwright\pw-practice-app\test-results\uiComponents-Form-Layouts-page-blocktag-radio-buttons-chromium\Form-Layouts-page-blocktag-radio-buttons-1-diff.png

    Call log:
      - expect.toHaveScreenshot with timeout 5000ms
      -   verifying given screenshot expectation
      - waiting for locator('nb-card').filter({ hasText: 'Using the Grid' })
      -   locator resolved to <nb-card _nghost-qmw-c95="" _ngcontent-qmw-c287="">…</nb-card>
      - taking element screenshot
      -   disabled all CSS animations
      - waiting for fonts to load...
      - fonts loaded
      - attempting scroll into view action
      -   waiting for element to be stable
      - Expected an image 459px by 383px, received 461px by 383px. 490 pixels (ratio 0.01 of all image pixels) are different.
      - waiting 100ms before taking screenshot
      - waiting for locator('nb-card').filter({ hasText: 'Using the Grid' })
      -   locator resolved to <nb-card _nghost-qmw-c95="" _ngcontent-qmw-c287="">…</nb-card>
      - taking element screenshot
      -   disabled all CSS animations
      - waiting for fonts to load...
      - fonts loaded
      - attempting scroll into view action
      -   waiting for element to be stable
      - captured a stable screenshot
      - Expected an image 459px by 383px, received 461px by 383px. 490 pixels (ratio 0.01 of all image pixels) are different.


      40 |         await usingTheGridForm.getByRole('radio', { name: "Option 2"}).check({force : true})
      41 |         const radioStatus = await usingTheGridForm.getByRole('radio', { name: "Option 1"}).isChecked()
    > 42 |         await expect(usingTheGridForm).toHaveScreenshot()
         |                                        ^
      43 |
      44 |         // expect(radioStatus).toBeTruthy()
      45 |         // await expect(usingTheGridForm.getByRole('radio', { name: "Option 1"})).toBeChecked()

        at C:\Users\geiro\gitwork\kurs\udemy\playwright\pw-practice-app\tests\uiComponents.spec.ts:42:40

    attachment #1: Form-Layouts-page-blocktag-radio-buttons-1-expected.png (image/png) ─────────────
    tests\uiComponents.spec.ts-snapshots\Form-Layouts-page-blocktag-radio-buttons-1-chromium-win32.png
    ────────────────────────────────────────────────────────────────────────────────────────────────

    attachment #2: Form-Layouts-page-blocktag-radio-buttons-1-actual.png (image/png) ───────────────
    test-results\uiComponents-Form-Layouts-page-blocktag-radio-buttons-chromium\Form-Layouts-page-blocktag-radio-buttons-1-actual.png
    ────────────────────────────────────────────────────────────────────────────────────────────────

    attachment #3: Form-Layouts-page-blocktag-radio-buttons-1-diff.png (image/png) ─────────────────
    test-results\uiComponents-Form-Layouts-page-blocktag-radio-buttons-chromium\Form-Layouts-page-blocktag-radio-buttons-1-diff.png
    ────────────────────────────────────────────────────────────────────────────────────────────────
]]>
</failure>
<system-out>
<![CDATA[
[[ATTACHMENT|..\tests\uiComponents.spec.ts-snapshots\Form-Layouts-page-blocktag-radio-buttons-1-chromium-win32.png]]

[[ATTACHMENT|uiComponents-Form-Layouts-page-blocktag-radio-buttons-chromium\Form-Layouts-page-blocktag-radio-buttons-1-actual.png]]

[[ATTACHMENT|uiComponents-Form-Layouts-page-blocktag-radio-buttons-chromium\Form-Layouts-page-blocktag-radio-buttons-1-diff.png]]
]]>
</system-out>
</testcase>
</testsuite>
</testsuites>